// Jest Snapshot v1, https://goo.gl/fbAQLP

exports[`App component renders App 1`] = `
<Fragment>
  <UserEnter />
  <UserInfo
    followers={2}
    following={7}
    html_url="https://github.com/cficht"
    login="cficht"
  />
</Fragment>
`;
